I'm sorry, but errors were detected in your script. Please correct the
errors listed below, and try again.


File "game/script.rpy", line 118: expected '=' not found.
    default bad
               ^

Ren'Py Version: Ren'Py 8.3.2.24090902
Mon Jun 30 09:08:11 2025
